src/components/Canvas.tsx(110,40): error TS2503: Cannot find namespace 'NodeJS'.
